[electrodev.xyz/index.html]
[backblue.gif]
[fade.gif]
[index.html]
[electrodev.xyz/style.css]
[electrodev.xyz/logo.png]
[electrodev.xyz/services.html]
[electrodev.xyz/news.html]
[electrodev.xyz/credits.html]
[electrodev.xyz/itsblackz.png]
[electrodev.xyz/nir.png]
[electrodev.xyz/adam.png]
[cdn.000webhost.com/000webhost/logo/footer-powered-by-000webhost-white2.png]
[electrodev.xyz/index.html]
[electrodev.xyz/style.css]
[electrodev.xyz/index-2.html]
[electrodev.xyz/ecolors.html]
[electrodev.xyz/theguard.html]
[electrodev.xyz/theisland.html]
[electrodev.xyz/services.html]
[electrodev.xyz/news.html]
[electrodev.xyz/credits.html]
[electrodev.xyz/acctools.html]
[electrodev.xyz/index-2.html]
[electrodev.xyz/ecolors.html]
[electrodev.xyz/theguard.png]
[electrodev.xyz/theguard.html]
[electrodev.xyz/theisland.html]
[electrodev.xyz/AccTools.zip]
[electrodev.xyz/acctoolsconditions.txt]
[electrodev.xyz/acctools.html]
[electrodev.xyz/acctoolsinstallsteps.pdf]
[electrodev.xyz/acctoolsdownloads.html]
[electrodev.xyz/AccTools-2.html]
[electrodev.xyz/AccTools.zip]
[electrodev.xyz/acctoolsdownloads.html]
[electrodev.xyz/acctoolsinstallsteps.pdf]
[electrodev.xyz/theisland.png]
